// Jest Snapshot v1, https://goo.gl/fbAQLP

exports[`Index Test Suite should support generate something firstly 1`] = `
[
  {
    "attributes": [
      {
        "name": "ID",
        "type": "cds.UUID",
      },
      {
        "name": "Age",
        "type": "cds.Integer",
      },
    ],
    "identifiers": [
      {
        "name": "ID",
        "type": "cds.UUID",
      },
    ],
    "mandatoryAttributes": [
      {
        "name": "Name",
        "type": "cds.String",
      },
    ],
    "name": "custom.a.A",
    "relations": [],
  },
  {
    "attributes": [
      {
        "name": "ID",
        "type": "cds.UUID",
      },
      {
        "name": "Amount",
        "type": "cds.Decimal",
      },
      {
        "name": "Total",
        "type": "cds.Decimal",
      },
    ],
    "identifiers": [
      {
        "name": "ID",
        "type": "cds.UUID",
      },
    ],
    "mandatoryAttributes": [],
    "name": "custom.b.B",
    "relations": [],
  },
  {
    "attributes": [
      {
        "name": "ID",
        "type": "cds.UUID",
      },
      {
        "name": "Name",
        "type": "cds.String",
      },
      {
        "name": "b_ID",
        "type": "cds.UUID",
      },
    ],
    "identifiers": [
      {
        "name": "ID",
        "type": "cds.UUID",
      },
    ],
    "mandatoryAttributes": [],
    "name": "custom.b.c.C",
    "relations": [
      {
        "target": "custom.b.B",
        "type": "toMany",
      },
    ],
  },
  {
    "attributes": [
      {
        "name": "name",
        "type": "cds.String",
      },
      {
        "name": "descr",
        "type": "cds.String",
      },
      {
        "name": "code",
        "type": "cds.String",
      },
      {
        "name": "texts",
        "type": "cds.Composition",
      },
    ],
    "identifiers": [
      {
        "name": "code",
        "type": "cds.String",
      },
    ],
    "mandatoryAttributes": [],
    "name": "sap.common.Languages",
    "relations": [
      {
        "target": "sap.common.Languages_texts",
        "type": "toMany",
      },
      {
        "target": "sap.common.Languages_texts",
        "type": "toMany",
      },
    ],
  },
  {
    "attributes": [
      {
        "name": "name",
        "type": "cds.String",
      },
      {
        "name": "descr",
        "type": "cds.String",
      },
      {
        "name": "code",
        "type": "cds.String",
      },
      {
        "name": "texts",
        "type": "cds.Composition",
      },
    ],
    "identifiers": [
      {
        "name": "code",
        "type": "cds.String",
      },
    ],
    "mandatoryAttributes": [],
    "name": "sap.common.Countries",
    "relations": [
      {
        "target": "sap.common.Countries_texts",
        "type": "toMany",
      },
      {
        "target": "sap.common.Countries_texts",
        "type": "toMany",
      },
    ],
  },
  {
    "attributes": [
      {
        "name": "name",
        "type": "cds.String",
      },
      {
        "name": "descr",
        "type": "cds.String",
      },
      {
        "name": "code",
        "type": "cds.String",
      },
      {
        "name": "symbol",
        "type": "cds.String",
      },
      {
        "name": "texts",
        "type": "cds.Composition",
      },
    ],
    "identifiers": [
      {
        "name": "code",
        "type": "cds.String",
      },
    ],
    "mandatoryAttributes": [],
    "name": "sap.common.Currencies",
    "relations": [
      {
        "target": "sap.common.Currencies_texts",
        "type": "toMany",
      },
      {
        "target": "sap.common.Currencies_texts",
        "type": "toMany",
      },
    ],
  },
  {
    "attributes": [
      {
        "name": "locale",
        "type": "cds.String",
      },
      {
        "name": "name",
        "type": "cds.String",
      },
      {
        "name": "descr",
        "type": "cds.String",
      },
      {
        "name": "code",
        "type": "cds.String",
      },
    ],
    "identifiers": [
      {
        "name": "locale",
        "type": "cds.String",
      },
      {
        "name": "code",
        "type": "cds.String",
      },
    ],
    "mandatoryAttributes": [],
    "name": "sap.common.Languages_texts",
    "relations": [],
  },
  {
    "attributes": [
      {
        "name": "locale",
        "type": "cds.String",
      },
      {
        "name": "name",
        "type": "cds.String",
      },
      {
        "name": "descr",
        "type": "cds.String",
      },
      {
        "name": "code",
        "type": "cds.String",
      },
    ],
    "identifiers": [
      {
        "name": "locale",
        "type": "cds.String",
      },
      {
        "name": "code",
        "type": "cds.String",
      },
    ],
    "mandatoryAttributes": [],
    "name": "sap.common.Countries_texts",
    "relations": [],
  },
  {
    "attributes": [
      {
        "name": "locale",
        "type": "cds.String",
      },
      {
        "name": "name",
        "type": "cds.String",
      },
      {
        "name": "descr",
        "type": "cds.String",
      },
      {
        "name": "code",
        "type": "cds.String",
      },
    ],
    "identifiers": [
      {
        "name": "locale",
        "type": "cds.String",
      },
      {
        "name": "code",
        "type": "cds.String",
      },
    ],
    "mandatoryAttributes": [],
    "name": "sap.common.Currencies_texts",
    "relations": [],
  },
]
`;

exports[`Index Test Suite should support generate something firstly 2`] = `"<?xml version="1.0" encoding="us-ascii" standalone="no"?><svg xmlns="http://www.w3.org/2000/svg" xmlns:xlink="http://www.w3.org/1999/xlink" contentStyleType="text/css" height="511px" preserveAspectRatio="none" style="width:1149px;height:511px;background:#FFFFFF;" version="1.1" viewBox="0 0 1149 511" width="1149px" zoomAndPan="magnify"><defs/><g><!--cluster custom--><g id="cluster_custom"><path d="M8.5,6 L62.5,6 A3.75,3.75 0 0 1 65,8.5 L72,28.4883 L457.5,28.4883 A2.5,2.5 0 0 1 460,30.9883 L460,485.5 A2.5,2.5 0 0 1 457.5,488 L8.5,488 A2.5,2.5 0 0 1 6,485.5 L6,8.5 A2.5,2.5 0 0 1 8.5,6 " fill="none" style="stroke:#000000;stroke-width:1.5;"/><line style="stroke:#000000;stroke-width:1.5;" x1="6" x2="72" y1="28.4883" y2="28.4883"/><text fill="#000000" font-family="sans-serif" font-size="14" font-weight="bold" lengthAdjust="spacing" textLength="53" x="10" y="21.5352">custom</text></g><!--cluster a--><g id="cluster_a"><path d="M264.5,92 L273.5,92 A3.75,3.75 0 0 1 276,94.5 L283,114.4883 L433.5,114.4883 A2.5,2.5 0 0 1 436,116.9883 L436,254.5 A2.5,2.5 0 0 1 433.5,257 L264.5,257 A2.5,2.5 0 0 1 262,254.5 L262,94.5 A2.5,2.5 0 0 1 264.5,92 " fill="none" style="stroke:#000000;stroke-width:1.5;"/><line style="stroke:#000000;stroke-width:1.5;" x1="262" x2="283" y1="114.4883" y2="114.4883"/><text fill="#000000" font-family="sans-serif" font-size="14" font-weight="bold" lengthAdjust="spacing" textLength="8" x="266" y="107.5352">a</text></g><!--cluster b--><g id="cluster_b"><path d="M32.5,49 L42.5,49 A3.75,3.75 0 0 1 45,51.5 L52,71.4883 L235.5,71.4883 A2.5,2.5 0 0 1 238,73.9883 L238,461.5 A2.5,2.5 0 0 1 235.5,464 L32.5,464 A2.5,2.5 0 0 1 30,461.5 L30,51.5 A2.5,2.5 0 0 1 32.5,49 " fill="none" style="stroke:#000000;stroke-width:1.5;"/><line style="stroke:#000000;stroke-width:1.5;" x1="30" x2="52" y1="71.4883" y2="71.4883"/><text fill="#000000" font-family="sans-serif" font-size="14" font-weight="bold" lengthAdjust="spacing" textLength="9" x="34" y="64.5352">b</text></g><!--cluster c--><g id="cluster_c"><path d="M56.5,92 L64.5,92 A3.75,3.75 0 0 1 67,94.5 L74,114.4883 L211.5,114.4883 A2.5,2.5 0 0 1 214,116.9883 L214,254.5 A2.5,2.5 0 0 1 211.5,257 L56.5,257 A2.5,2.5 0 0 1 54,254.5 L54,94.5 A2.5,2.5 0 0 1 56.5,92 " fill="none" style="stroke:#000000;stroke-width:1.5;"/><line style="stroke:#000000;stroke-width:1.5;" x1="54" x2="74" y1="114.4883" y2="114.4883"/><text fill="#000000" font-family="sans-serif" font-size="14" font-weight="bold" lengthAdjust="spacing" textLength="7" x="58" y="107.5352">c</text></g><!--cluster sap--><g id="cluster_sap"><path d="M486.5,32.5 L512.5,32.5 A3.75,3.75 0 0 1 515,35 L522,54.9883 L1139.5,54.9883 A2.5,2.5 0 0 1 1142,57.4883 L1142,502 A2.5,2.5 0 0 1 1139.5,504.5 L486.5,504.5 A2.5,2.5 0 0 1 484,502 L484,35 A2.5,2.5 0 0 1 486.5,32.5 " fill="none" style="stroke:#000000;stroke-width:1.5;"/><line style="stroke:#000000;stroke-width:1.5;" x1="484" x2="522" y1="54.9883" y2="54.9883"/><text fill="#000000" font-family="sans-serif" font-size="14" font-weight="bold" lengthAdjust="spacing" textLength="25" x="488" y="48.0352">sap</text></g><!--cluster common--><g id="cluster_common"><path d="M510.5,75.5 L573.5,75.5 A3.75,3.75 0 0 1 576,78 L583,97.9883 L1115.5,97.9883 A2.5,2.5 0 0 1 1118,100.4883 L1118,478 A2.5,2.5 0 0 1 1115.5,480.5 L510.5,480.5 A2.5,2.5 0 0 1 508,478 L508,78 A2.5,2.5 0 0 1 510.5,75.5 " fill="none" style="stroke:#000000;stroke-width:1.5;"/><line style="stroke:#000000;stroke-width:1.5;" x1="508" x2="583" y1="97.9883" y2="97.9883"/><text fill="#000000" font-family="sans-serif" font-size="14" font-weight="bold" lengthAdjust="spacing" textLength="62" x="512" y="91.0352">common</text></g><!--class A--><g id="elem_A"><rect codeLine="1" fill="#F1F1F1" height="113.9531" id="A" rx="2.5" ry="2.5" style="stroke:#181818;stroke-width:0.5;" width="141" x="278.5" y="127"/><ellipse cx="339.75" cy="143" fill="#ADD1B2" rx="11" ry="11" style="stroke:#181818;stroke-width:1.0;"/><path d="M343.3643,149.5 L335.6445,149.5 L335.6445,137.1069 L343.3643,137.1069 L343.3643,139.2651 L338.0933,139.2651 L338.0933,141.938 L342.8662,141.938 L342.8662,144.0962 L338.0933,144.0962 L338.0933,147.3418 L343.3643,147.3418 Z " fill="#000000"/><text fill="#000000" font-family="sans-serif" font-size="14" lengthAdjust="spacing" textLength="10" x="360.25" y="148.291">A</text><line style="stroke:#181818;stroke-width:0.5;" x1="279.5" x2="418.5" y1="159" y2="159"/><ellipse cx="289.5" cy="172.7441" fill="#000000" rx="3" ry="3" style="stroke:#000000;stroke-width:1.0;"/><text fill="#000000" font-family="sans-serif" font-size="14" lengthAdjust="spacing" textLength="83" x="298.5" y="176.5352">ID: cds.UUID</text><line style="stroke:#181818;stroke-width:1.0;" x1="279.5" x2="418.5" y1="183.4883" y2="183.4883"/><ellipse cx="289.5" cy="197.2324" fill="#000000" rx="3" ry="3" style="stroke:#000000;stroke-width:1.0;"/><text fill="#000000" font-family="sans-serif" font-size="14" lengthAdjust="spacing" textLength="115" x="298.5" y="201.0234">Name: cds.String</text><text fill="#000000" font-family="sans-serif" font-size="14" lengthAdjust="spacing" textLength="83" x="298.5" y="217.5117">ID: cds.UUID</text><text fill="#000000" font-family="sans-serif" font-size="14" lengthAdjust="spacing" textLength="111" x="298.5" y="234">Age: cds.Integer</text></g><!--class B--><g id="elem_B"><rect codeLine="8" fill="#F1F1F1" height="113.9531" id="B" rx="2.5" ry="2.5" style="stroke:#181818;stroke-width:0.5;" width="156" x="56" y="334"/><ellipse cx="125.75" cy="350" fill="#ADD1B2" rx="11" ry="11" style="stroke:#181818;stroke-width:1.0;"/><path d="M129.3643,356.5 L121.6445,356.5 L121.6445,344.1069 L129.3643,344.1069 L129.3643,346.2651 L124.0933,346.2651 L124.0933,348.938 L128.8662,348.938 L128.8662,351.0962 L124.0933,351.0962 L124.0933,354.3418 L129.3643,354.3418 Z " fill="#000000"/><text fill="#000000" font-family="sans-serif" font-size="14" lengthAdjust="spacing" textLength="8" x="146.25" y="355.291">B</text><line style="stroke:#181818;stroke-width:0.5;" x1="57" x2="211" y1="366" y2="366"/><ellipse cx="67" cy="379.7441" fill="#000000" rx="3" ry="3" style="stroke:#000000;stroke-width:1.0;"/><text fill="#000000" font-family="sans-serif" font-size="14" lengthAdjust="spacing" textLength="83" x="76" y="383.5352">ID: cds.UUID</text><line style="stroke:#181818;stroke-width:1.0;" x1="57" x2="211" y1="390.4883" y2="390.4883"/><text fill="#000000" font-family="sans-serif" font-size="14" lengthAdjust="spacing" textLength="83" x="62" y="408.0234">ID: cds.UUID</text><text fill="#000000" font-family="sans-serif" font-size="14" lengthAdjust="spacing" textLength="144" x="62" y="424.5117">Amount: cds.Decimal</text><text fill="#000000" font-family="sans-serif" font-size="14" lengthAdjust="spacing" textLength="124" x="62" y="441">Total: cds.Decimal</text></g><!--class C--><g id="elem_C"><rect codeLine="15" fill="#F1F1F1" height="113.9531" id="C" rx="2.5" ry="2.5" style="stroke:#181818;stroke-width:0.5;" width="127" x="70.5" y="127"/><ellipse cx="124.75" cy="143" fill="#ADD1B2" rx="11" ry="11" style="stroke:#181818;stroke-width:1.0;"/><path d="M128.3643,149.5 L120.6445,149.5 L120.6445,137.1069 L128.3643,137.1069 L128.3643,139.2651 L123.0933,139.2651 L123.0933,141.938 L127.8662,141.938 L127.8662,144.0962 L123.0933,144.0962 L123.0933,147.3418 L128.3643,147.3418 Z " fill="#000000"/><text fill="#000000" font-family="sans-serif" font-size="14" lengthAdjust="spacing" textLength="10" x="145.25" y="148.291">C</text><line style="stroke:#181818;stroke-width:0.5;" x1="71.5" x2="196.5" y1="159" y2="159"/><ellipse cx="81.5" cy="172.7441" fill="#000000" rx="3" ry="3" style="stroke:#000000;stroke-width:1.0;"/><text fill="#000000" font-family="sans-serif" font-size="14" lengthAdjust="spacing" textLength="83" x="90.5" y="176.5352">ID: cds.UUID</text><line style="stroke:#181818;stroke-width:1.0;" x1="71.5" x2="196.5" y1="183.4883" y2="183.4883"/><text fill="#000000" font-family="sans-serif" font-size="14" lengthAdjust="spacing" textLength="83" x="76.5" y="201.0234">ID: cds.UUID</text><text fill="#000000" font-family="sans-serif" font-size="14" lengthAdjust="spacing" textLength="115" x="76.5" y="217.5117">Name: cds.String</text><text fill="#000000" font-family="sans-serif" font-size="14" lengthAdjust="spacing" textLength="99" x="76.5" y="234">b_ID: cds.UUID</text></g><!--class Languages--><g id="elem_Languages"><rect codeLine="22" fill="#F1F1F1" height="130.4414" id="Languages" rx="2.5" ry="2.5" style="stroke:#181818;stroke-width:0.5;" width="169" x="932.5" y="119"/><ellipse cx="975.85" cy="135" fill="#ADD1B2" rx="11" ry="11" style="stroke:#181818;stroke-width:1.0;"/><path d="M979.4643,141.5 L971.7445,141.5 L971.7445,129.1069 L979.4643,129.1069 L979.4643,131.2651 L974.1933,131.2651 L974.1933,133.938 L978.9662,133.938 L978.9662,136.0962 L974.1933,136.0962 L974.1933,139.3418 L979.4643,139.3418 Z " fill="#000000"/><text fill="#000000" font-family="sans-serif" font-size="14" lengthAdjust="spacing" textLength="74" x="996.15" y="140.291">Languages</text><line style="stroke:#181818;stroke-width:0.5;" x1="933.5" x2="1100.5" y1="151" y2="151"/><ellipse cx="943.5" cy="164.7441" fill="#000000" rx="3" ry="3" style="stroke:#000000;stroke-width:1.0;"/><text fill="#000000" font-family="sans-serif" font-size="14" lengthAdjust="spacing" textLength="109" x="952.5" y="168.5352">code: cds.String</text><line style="stroke:#181818;stroke-width:1.0;" x1="933.5" x2="1100.5" y1="175.4883" y2="175.4883"/><text fill="#000000" font-family="sans-serif" font-size="14" lengthAdjust="spacing" textLength="114" x="938.5" y="193.0234">name: cds.String</text><text fill="#000000" font-family="sans-serif" font-size="14" lengthAdjust="spacing" textLength="113" x="938.5" y="209.5117">descr: cds.String</text><text fill="#000000" font-family="sans-serif" font-size="14" lengthAdjust="spacing" textLength="109" x="938.5" y="226">code: cds.String</text><text fill="#000000" font-family="sans-serif" font-size="14" lengthAdjust="spacing" textLength="157" x="938.5" y="242.4883">texts: cds.Composition</text></g><!--class Countries--><g id="elem_Countries"><rect codeLine="30" fill="#F1F1F1" height="130.4414" id="Countries" rx="2.5" ry="2.5" style="stroke:#181818;stroke-width:0.5;" width="169" x="728.5" y="119"/><ellipse cx="775.25" cy="135" fill="#ADD1B2" rx="11" ry="11" style="stroke:#181818;stroke-width:1.0;"/><path d="M778.8643,141.5 L771.1445,141.5 L771.1445,129.1069 L778.8643,129.1069 L778.8643,131.2651 L773.5933,131.2651 L773.5933,133.938 L778.3662,133.938 L778.3662,136.0962 L773.5933,136.0962 L773.5933,139.3418 L778.8643,139.3418 Z " fill="#000000"/><text fill="#000000" font-family="sans-serif" font-size="14" lengthAdjust="spacing" textLength="67" x="795.75" y="140.291">Countries</text><line style="stroke:#181818;stroke-width:0.5;" x1="729.5" x2="896.5" y1="151" y2="151"/><ellipse cx="739.5" cy="164.7441" fill="#000000" rx="3" ry="3" style="stroke:#000000;stroke-width:1.0;"/><text fill="#000000" font-family="sans-serif" font-size="14" lengthAdjust="spacing" textLength="109" x="748.5" y="168.5352">code: cds.String</text><line style="stroke:#181818;stroke-width:1.0;" x1="729.5" x2="896.5" y1="175.4883" y2="175.4883"/><text fill="#000000" font-family="sans-serif" font-size="14" lengthAdjust="spacing" textLength="114" x="734.5" y="193.0234">name: cds.String</text><text fill="#000000" font-family="sans-serif" font-size="14" lengthAdjust="spacing" textLength="113" x="734.5" y="209.5117">descr: cds.String</text><text fill="#000000" font-family="sans-serif" font-size="14" lengthAdjust="spacing" textLength="109" x="734.5" y="226">code: cds.String</text><text fill="#000000" font-family="sans-serif" font-size="14" lengthAdjust="spacing" textLength="157" x="734.5" y="242.4883">texts: cds.Composition</text></g><!--class Currencies--><g id="elem_Currencies"><rect codeLine="38" fill="#F1F1F1" height="146.9297" id="Currencies" rx="2.5" ry="2.5" style="stroke:#181818;stroke-width:0.5;" width="169" x="524.5" y="110.5"/><ellipse cx="567.85" cy="126.5" fill="#ADD1B2" rx="11" ry="11" style="stroke:#181818;stroke-width:1.0;"/><path d="M571.4643,133 L563.7445,133 L563.7445,120.6069 L571.4643,120.6069 L571.4643,122.7651 L566.1933,122.7651 L566.1933,125.438 L570.9662,125.438 L570.9662,127.5962 L566.1933,127.5962 L566.1933,130.8418 L571.4643,130.8418 Z " fill="#000000"/><text fill="#000000" font-family="sans-serif" font-size="14" lengthAdjust="spacing" textLength="74" x="588.15" y="131.791">Currencies</text><line style="stroke:#181818;stroke-width:0.5;" x1="525.5" x2="692.5" y1="142.5" y2="142.5"/><ellipse cx="535.5" cy="156.2441" fill="#000000" rx="3" ry="3" style="stroke:#000000;stroke-width:1.0;"/><text fill="#000000" font-family="sans-serif" font-size="14" lengthAdjust="spacing" textLength="109" x="544.5" y="160.0352">code: cds.String</text><line style="stroke:#181818;stroke-width:1.0;" x1="525.5" x2="692.5" y1="166.9883" y2="166.9883"/><text fill="#000000" font-family="sans-serif" font-size="14" lengthAdjust="spacing" textLength="114" x="530.5" y="184.5234">name: cds.String</text><text fill="#000000" font-family="sans-serif" font-size="14" lengthAdjust="spacing" textLength="113" x="530.5" y="201.0117">descr: cds.String</text><text fill="#000000" font-family="sans-serif" font-size="14" lengthAdjust="spacing" textLength="109" x="530.5" y="217.5">code: cds.String</text><text fill="#000000" font-family="sans-serif" font-size="14" lengthAdjust="spacing" textLength="125" x="530.5" y="233.9883">symbol: cds.String</text><text fill="#000000" font-family="sans-serif" font-size="14" lengthAdjust="spacing" textLength="157" x="530.5" y="250.4766">texts: cds.Composition</text></g><!--class Languages_texts--><g id="elem_Languages_texts"><rect codeLine="47" fill="#F1F1F1" height="146.9297" id="Languages_texts" rx="2.5" ry="2.5" style="stroke:#181818;stroke-width:0.5;" width="147" x="943.5" y="317.5"/><ellipse cx="958.5" cy="333.5" fill="#ADD1B2" rx="11" ry="11" style="stroke:#181818;stroke-width:1.0;"/><path d="M962.1143,340 L954.3945,340 L954.3945,327.6069 L962.1143,327.6069 L962.1143,329.7651 L956.8433,329.7651 L956.8433,332.438 L961.6162,332.438 L961.6162,334.5962 L956.8433,334.5962 L956.8433,337.8418 L962.1143,337.8418 Z " fill="#000000"/><text fill="#000000" font-family="sans-serif" font-size="14" lengthAdjust="spacing" textLength="115" x="972.5" y="338.791">Languages_texts</text><line style="stroke:#181818;stroke-width:0.5;" x1="944.5" x2="1089.5" y1="349.5" y2="349.5"/><ellipse cx="954.5" cy="363.2441" fill="#000000" rx="3" ry="3" style="stroke:#000000;stroke-width:1.0;"/><text fill="#000000" font-family="sans-serif" font-size="14" lengthAdjust="spacing" textLength="116" x="963.5" y="367.0352">locale: cds.String</text><ellipse cx="954.5" cy="379.7324" fill="#000000" rx="3" ry="3" style="stroke:#000000;stroke-width:1.0;"/><text fill="#000000" font-family="sans-serif" font-size="14" lengthAdjust="spacing" textLength="109" x="963.5" y="383.5234">code: cds.String</text><line style="stroke:#181818;stroke-width:1.0;" x1="944.5" x2="1089.5" y1="390.4766" y2="390.4766"/><text fill="#000000" font-family="sans-serif" font-size="14" lengthAdjust="spacing" textLength="116" x="949.5" y="408.0117">locale: cds.String</text><text fill="#000000" font-family="sans-serif" font-size="14" lengthAdjust="spacing" textLength="114" x="949.5" y="424.5">name: cds.String</text><text fill="#000000" font-family="sans-serif" font-size="14" lengthAdjust="spacing" textLength="113" x="949.5" y="440.9883">descr: cds.String</text><text fill="#000000" font-family="sans-serif" font-size="14" lengthAdjust="spacing" textLength="109" x="949.5" y="457.4766">code: cds.String</text></g><!--class Countries_texts--><g id="elem_Countries_texts"><rect codeLine="56" fill="#F1F1F1" height="146.9297" id="Countries_texts" rx="2.5" ry="2.5" style="stroke:#181818;stroke-width:0.5;" width="142" x="742" y="317.5"/><ellipse cx="757.9" cy="333.5" fill="#ADD1B2" rx="11" ry="11" style="stroke:#181818;stroke-width:1.0;"/><path d="M761.5143,340 L753.7945,340 L753.7945,327.6069 L761.5143,327.6069 L761.5143,329.7651 L756.2433,329.7651 L756.2433,332.438 L761.0162,332.438 L761.0162,334.5962 L756.2433,334.5962 L756.2433,337.8418 L761.5143,337.8418 Z " fill="#000000"/><text fill="#000000" font-family="sans-serif" font-size="14" lengthAdjust="spacing" textLength="108" x="772.1" y="338.791">Countries_texts</text><line style="stroke:#181818;stroke-width:0.5;" x1="743" x2="883" y1="349.5" y2="349.5"/><ellipse cx="753" cy="363.2441" fill="#000000" rx="3" ry="3" style="stroke:#000000;stroke-width:1.0;"/><text fill="#000000" font-family="sans-serif" font-size="14" lengthAdjust="spacing" textLength="116" x="762" y="367.0352">locale: cds.String</text><ellipse cx="753" cy="379.7324" fill="#000000" rx="3" ry="3" style="stroke:#000000;stroke-width:1.0;"/><text fill="#000000" font-family="sans-serif" font-size="14" lengthAdjust="spacing" textLength="109" x="762" y="383.5234">code: cds.String</text><line style="stroke:#181818;stroke-width:1.0;" x1="743" x2="883" y1="390.4766" y2="390.4766"/><text fill="#000000" font-family="sans-serif" font-size="14" lengthAdjust="spacing" textLength="116" x="748" y="408.0117">locale: cds.String</text><text fill="#000000" font-family="sans-serif" font-size="14" lengthAdjust="spacing" textLength="114" x="748" y="424.5">name: cds.String</text><text fill="#000000" font-family="sans-serif" font-size="14" lengthAdjust="spacing" textLength="113" x="748" y="440.9883">descr: cds.String</text><text fill="#000000" font-family="sans-serif" font-size="14" lengthAdjust="spacing" textLength="109" x="748" y="457.4766">code: cds.String</text></g><!--class Currencies_texts--><g id="elem_Currencies_texts"><rect codeLine="65" fill="#F1F1F1" height="146.9297" id="Currencies_texts" rx="2.5" ry="2.5" style="stroke:#181818;stroke-width:0.5;" width="147" x="535.5" y="317.5"/><ellipse cx="550.5" cy="333.5" fill="#ADD1B2" rx="11" ry="11" style="stroke:#181818;stroke-width:1.0;"/><path d="M554.1143,340 L546.3945,340 L546.3945,327.6069 L554.1143,327.6069 L554.1143,329.7651 L548.8433,329.7651 L548.8433,332.438 L553.6162,332.438 L553.6162,334.5962 L548.8433,334.5962 L548.8433,337.8418 L554.1143,337.8418 Z " fill="#000000"/><text fill="#000000" font-family="sans-serif" font-size="14" lengthAdjust="spacing" textLength="115" x="564.5" y="338.791">Currencies_texts</text><line style="stroke:#181818;stroke-width:0.5;" x1="536.5" x2="681.5" y1="349.5" y2="349.5"/><ellipse cx="546.5" cy="363.2441" fill="#000000" rx="3" ry="3" style="stroke:#000000;stroke-width:1.0;"/><text fill="#000000" font-family="sans-serif" font-size="14" lengthAdjust="spacing" textLength="116" x="555.5" y="367.0352">locale: cds.String</text><ellipse cx="546.5" cy="379.7324" fill="#000000" rx="3" ry="3" style="stroke:#000000;stroke-width:1.0;"/><text fill="#000000" font-family="sans-serif" font-size="14" lengthAdjust="spacing" textLength="109" x="555.5" y="383.5234">code: cds.String</text><line style="stroke:#181818;stroke-width:1.0;" x1="536.5" x2="681.5" y1="390.4766" y2="390.4766"/><text fill="#000000" font-family="sans-serif" font-size="14" lengthAdjust="spacing" textLength="116" x="541.5" y="408.0117">locale: cds.String</text><text fill="#000000" font-family="sans-serif" font-size="14" lengthAdjust="spacing" textLength="114" x="541.5" y="424.5">name: cds.String</text><text fill="#000000" font-family="sans-serif" font-size="14" lengthAdjust="spacing" textLength="113" x="541.5" y="440.9883">descr: cds.String</text><text fill="#000000" font-family="sans-serif" font-size="14" lengthAdjust="spacing" textLength="109" x="541.5" y="457.4766">code: cds.String</text></g><!--link C to B--><g id="link_C_B"><path codeLine="74" d="M134,241.29 C134,267.05 134,297.75 134,324.54 " fill="none" id="C-to-B" style="stroke:#181818;stroke-width:1.0;"/><line style="stroke:#181818;stroke-width:1.0;" x1="134" x2="140" y1="324.32" y2="332.32"/><line style="stroke:#181818;stroke-width:1.0;" x1="134" x2="128" y1="324.32" y2="332.32"/><line style="stroke:#181818;stroke-width:1.0;" x1="134" x2="134" y1="324.32" y2="332.32"/><ellipse cx="134" cy="318.32" fill="none" rx="4" ry="4" style="stroke:#181818;stroke-width:1.0;"/></g><!--link Languages to Languages_texts--><g id="link_Languages_Languages_texts"><path codeLine="75" d="M1005.07,249.3 C1004.24,267.87 1004.04,288.39 1004.48,307.88 " fill="none" id="Languages-to-Languages_texts" style="stroke:#181818;stroke-width:1.0;"/><line style="stroke:#181818;stroke-width:1.0;" x1="1004.4854" x2="1010.6978" y1="307.8429" y2="315.6791"/><line style="stroke:#181818;stroke-width:1.0;" x1="1004.4854" x2="998.7022" y1="307.8429" y2="316.0009"/><line style="stroke:#181818;stroke-width:1.0;" x1="1004.4854" x2="1004.7" y1="307.8429" y2="315.84"/><ellipse cx="1004.3245" cy="301.845" fill="none" rx="4" ry="4" style="stroke:#181818;stroke-width:1.0;"/></g><!--link Languages to Languages_texts--><g id="link_Languages_Languages_texts"><path codeLine="76" d="M1029.63,249.3 C1030.51,267.87 1030.72,288.39 1030.26,307.88 " fill="none" id="Languages-to-Languages_texts-1" style="stroke:#181818;stroke-width:1.0;"/><line style="stroke:#181818;stroke-width:1.0;" x1="1030.2627" x2="1036.0172" y1="307.8437" y2="316.0221"/><line style="stroke:#181818;stroke-width:1.0;" x1="1030.2627" x2="1024.0228" y1="307.8437" y2="315.6579"/><line style="stroke:#181818;stroke-width:1.0;" x1="1030.2627" x2="1030.02" y1="307.8437" y2="315.84"/><ellipse cx="1030.4448" cy="301.8464" fill="none" rx="4" ry="4" style="stroke:#181818;stroke-width:1.0;"/></g><!--link Countries to Countries_texts--><g id="link_Countries_Countries_texts"><path codeLine="77" d="M801.07,249.3 C800.24,267.87 800.04,288.39 800.48,307.88 " fill="none" id="Countries-to-Countries_texts" style="stroke:#181818;stroke-width:1.0;"/><line style="stroke:#181818;stroke-width:1.0;" x1="800.4854" x2="806.6978" y1="307.8429" y2="315.6791"/><line style="stroke:#181818;stroke-width:1.0;" x1="800.4854" x2="794.7022" y1="307.8429" y2="316.0009"/><line style="stroke:#181818;stroke-width:1.0;" x1="800.4854" x2="800.7" y1="307.8429" y2="315.84"/><ellipse cx="800.3245" cy="301.845" fill="none" rx="4" ry="4" style="stroke:#181818;stroke-width:1.0;"/></g><!--link Countries to Countries_texts--><g id="link_Countries_Countries_texts"><path codeLine="78" d="M825.63,249.3 C826.51,267.87 826.72,288.39 826.26,307.88 " fill="none" id="Countries-to-Countries_texts-1" style="stroke:#181818;stroke-width:1.0;"/><line style="stroke:#181818;stroke-width:1.0;" x1="826.2627" x2="832.0172" y1="307.8437" y2="316.0221"/><line style="stroke:#181818;stroke-width:1.0;" x1="826.2627" x2="820.0228" y1="307.8437" y2="315.6579"/><line style="stroke:#181818;stroke-width:1.0;" x1="826.2627" x2="826.02" y1="307.8437" y2="315.84"/><ellipse cx="826.4448" cy="301.8464" fill="none" rx="4" ry="4" style="stroke:#181818;stroke-width:1.0;"/></g><!--link Currencies to Currencies_texts--><g id="link_Currencies_Currencies_texts"><path codeLine="79" d="M596.74,257.85 C596.19,274.07 596.1,291.37 596.48,307.93 " fill="none" id="Currencies-to-Currencies_texts" style="stroke:#181818;stroke-width:1.0;"/><line style="stroke:#181818;stroke-width:1.0;" x1="596.4615" x2="602.6876" y1="307.5233" y2="315.3486"/><line style="stroke:#181818;stroke-width:1.0;" x1="596.4615" x2="590.6924" y1="307.5233" y2="315.6914"/><line style="stroke:#181818;stroke-width:1.0;" x1="596.4615" x2="596.69" y1="307.5233" y2="315.52"/><ellipse cx="596.2902" cy="301.5257" fill="none" rx="4" ry="4" style="stroke:#181818;stroke-width:1.0;"/></g><!--link Currencies to Currencies_texts--><g id="link_Currencies_Currencies_texts"><path codeLine="80" d="M621.99,257.85 C622.56,274.07 622.65,291.37 622.26,307.93 " fill="none" id="Currencies-to-Currencies_texts-1" style="stroke:#181818;stroke-width:1.0;"/><line style="stroke:#181818;stroke-width:1.0;" x1="622.2727" x2="628.0272" y1="307.5237" y2="315.7021"/><line style="stroke:#181818;stroke-width:1.0;" x1="622.2727" x2="616.0328" y1="307.5237" y2="315.3379"/><line style="stroke:#181818;stroke-width:1.0;" x1="622.2727" x2="622.03" y1="307.5237" y2="315.52"/><ellipse cx="622.4548" cy="301.5264" fill="none" rx="4" ry="4" style="stroke:#181818;stroke-width:1.0;"/></g><!--SRC=[pLH1QiCm4Bpx5JeNh0VqbjeNG-cbpJd8yY84aZP8QqW8_NiSApYrR9VYKF1HmypEoECLED9qPh8DX9OBlcENZB6NgdnbiWbylw_AxfpdD_13M8Zm9tdjL8Sbl9sw4of7eC1dtncC36h-jcoG3hFOEefG2L9ROJhq2qcOCJWraRpuiytChUh3Y3FC3-B89LgBZhyBfrgX84GVYKqwfFToq-4D1EaJR4PESA8GiGBj4OCcZMusIt7xJbvl8qlhFJZvZs72sTPerYSScZlqeXZJe1GcTLeCFyjUUwDV6zrong7fpOGSxN-Uu-N7ivFDBczFMluvdXOzLZCL9HK_BteitaILDBLITWK0]--></g></svg>"`;
